[themezinho.net/unicord/index04b9.html]
[backblue.gif]
[fade.gif]
[index.html]
[themezinho.net/unicord/preview.2.delayed]
[themezinho.net/unicord/ico/apple-touch-icon-144-precomposed.png]
[themezinho.net/unicord/ico/apple-touch-icon-114-precomposed.png]
[themezinho.net/unicord/ico/apple-touch-icon-72-precomposed.png]
[themezinho.net/unicord/ico/apple-touch-icon-57-precomposed.png]
[themezinho.net/unicord/ico/favicon.png]
[themezinho.net/unicord/css/font-awesome.min.css]
[themezinho.net/unicord/css/animate.min.css]
[themezinho.net/unicord/css/swiper.min.css]
[themezinho.net/unicord/css/style.css]
[themezinho.net/unicord/css/bootstrap.min.css]
[themezinho.net/unicord/index.html]
[themezinho.net/unicord/index-video-bg.html]
[themezinho.net/unicord/index-particles.html]
[themezinho.net/unicord/index-motion-blur.html]
[themezinho.net/unicord/index-animation.html]
[themezinho.net/unicord/index-kinetic-slider.html]
[themezinho.net/unicord/unicord.html]
[themezinho.net/unicord/showcases-four-cols.html]
[themezinho.net/unicord/showcases-three-cols.html]
[themezinho.net/unicord/showcases-two-cols.html]
[themezinho.net/unicord/news.html]
[themezinho.net/unicord/say-hello.html]
[themezinho.net/unicord/images/logo.png]
[themezinho.net/unicord/images/slide01.jpg]
[themezinho.net/unicord/images/slide02.jpg]
[themezinho.net/unicord/images/slide03.jpg]
[themezinho.net/unicord/images/works01.jpg]
[themezinho.net/unicord/images/logo-brand.png]
[themezinho.net/unicord/case-details.html]
[themezinho.net/unicord/images/works02.jpg]
[themezinho.net/unicord/images/logo-brand2.png]
[themezinho.net/unicord/images/works03.jpg]
[themezinho.net/unicord/images/logo-brand3.png]
[themezinho.net/unicord/images/works04.jpg]
[themezinho.net/unicord/images/works05.jpg]
[themezinho.net/unicord/images/works06.jpg]
[themezinho.net/unicord/images/works07.jpg]
[themezinho.net/unicord/images/works08.jpg]
[themezinho.net/unicord/images/works09.jpg]
[themezinho.net/unicord/images/icon01.png]
[themezinho.net/unicord/images/icon02.png]
[themezinho.net/unicord/images/icon03.png]
[themezinho.net/unicord/images/hero01.jpg]
[themezinho.net/unicord/images/office01.jpg]
[themezinho.net/unicord/images/logo01.jpg]
[themezinho.net/unicord/images/logo02.jpg]
[themezinho.net/unicord/images/logo03.jpg]
[themezinho.net/unicord/images/logo04.jpg]
[themezinho.net/unicord/images/logo05.jpg]
[themezinho.net/unicord/audio/link.mp3]
[themezinho.net/unicord/audio/hover.mp3]
[themezinho.net/unicord/js/popper.min.js]
[themezinho.net/unicord/js/bootstrap.min.js]
[themezinho.net/unicord/js/jquery.min.js]
[themezinho.net/unicord/js/swiper.min.js]
[themezinho.net/unicord/js/wow.min.js]
[themezinho.net/unicord/js/isotope.min.js]
[themezinho.net/unicord/js/tilt.jquery.js]
[themezinho.net/unicord/js/jquery.typewriter.js]
[themezinho.net/unicord/js/imagesloaded.pkgd.min.js]
[themezinho.net/unicord/js/particles.min.js]
[themezinho.net/unicord/js/jquery.parallax.min.js]
[themezinho.net/unicord/js/scripts.js]
[themezinho.net/unicord/index04b9.html]
[themezinho.net/unicord/preview.html]
[themezinho.net/unicord/fonts/fontawesome-webfont3e6e.eot]
[themezinho.net/unicord/js/motion.blur.js]
[themezinho.net/unicord/js/TweenMax.min.js]
[themezinho.net/unicord/fonts/fontawesome-webfontd41d.eot]
[themezinho.net/unicord/fonts/fontawesome-webfont3e6e.woff2]
[themezinho.net/unicord/fonts/fontawesome-webfont3e6e.woff]
[themezinho.net/unicord/fonts/fontawesome-webfont3e6e.ttf]
[themezinho.net/unicord/css/font-awesome.min.css]
[themezinho.net/unicord/css/animate.min.css]
[themezinho.net/unicord/css/swiper.min.css]
[themezinho.net/unicord/css/bootstrap.min.css]
[themezinho.net/unicord/images/preloader.gif]
[themezinho.net/unicord/images/lines.png]
[themezinho.net/unicord/images/pattern-bg2.png]
[themezinho.net/unicord/images/anim-hero.gif]
[themezinho.net/unicord/fonts/fontawesome-webfont3e6e.svg]
[themezinho.net/unicord/images/team-splash.png]
[themezinho.net/unicord/css/style.css]
[themezinho.net/unicord/index.html]
[themezinho.net/unicord/videos/video2.mp4]
[themezinho.net/unicord/index-video-bg.html]
[themezinho.net/unicord/index-particles.html]
[themezinho.net/unicord/index-motion-blur.html]
[themezinho.net/unicord/images/typography.png]
[themezinho.net/unicord/index-animation.html]
[themezinho.net/unicord/js/kinetic-slider-inits.js]
[themezinho.net/unicord/index-kinetic-slider.html]
[themezinho.net/unicord/videos/video.mp4]
[themezinho.net/unicord/js/kinetic-slider.js]
[themezinho.net/unicord/images/team01.jpg]
[themezinho.net/unicord/images/team02.jpg]
[themezinho.net/unicord/images/team03.jpg]
[themezinho.net/unicord/images/team04.jpg]
[themezinho.net/unicord/unicord.html]
[themezinho.net/unicord/showcases-four-cols.html]
[themezinho.net/unicord/showcases-three-cols.html]
[themezinho.net/unicord/showcases-two-cols.html]
[themezinho.net/unicord/images/news01.jpg]
[themezinho.net/unicord/images/avatar01.jpg]
[themezinho.net/unicord/news-single.html]
[themezinho.net/unicord/images/news02.jpg]
[themezinho.net/unicord/images/avatar02.jpg]
[themezinho.net/unicord/images/news03.jpg]
[themezinho.net/unicord/images/news04.jpg]
[themezinho.net/unicord/images/avatar03.jpg]
[themezinho.net/unicord/images/news05.jpg]
[themezinho.net/unicord/news.html]
[themezinho.net/unicord/js/contact.form.min.js]
[themezinho.net/unicord/js/jquery.form.min.js]
[themezinho.net/unicord/js/jquery.validate.min.js]
[themezinho.net/unicord/say-hello.html]
[themezinho.net/unicord/js/googlemaps.min.js]
[themezinho.net/unicord/images/case01.png]
[themezinho.net/unicord/images/case02.png]
[themezinho.net/unicord/images/case03.png]
[themezinho.net/unicord/images/case04.png]
[themezinho.net/unicord/images/case05.png]
[themezinho.net/unicord/case-details.html]
[themezinho.net/unicord/js/jquery.min.js]
[themezinho.net/unicord/js/popper.min.js]
[themezinho.net/unicord/js/jquery.easing.min.js]
[themezinho.net/unicord/popper.6e.delayed]
[themezinho.net/unicord/js/bootstrap.min.js]
[themezinho.net/unicord/js/swiper.min.js]
[themezinho.net/unicord/js/wow.min.js]
[themezinho.net/unicord/js/isotope.min.js]
[themezinho.net/unicord/js/tilt.jquery.js]
[themezinho.net/unicord/js/jquery.typewriter.js]
[themezinho.net/unicord/js/TweenMax.min.js]
[themezinho.net/unicord/js/imagesloaded.pkgd.min.js]
[themezinho.net/unicord/Version/index.html]
[themezinho.net/unicord/version/index-2.html]
[themezinho.net/unicord/GET.6f.delayed]
[themezinho.net/unicord/Error pJS - No image.src]
[themezinho.net/unicord/js/particles.min.js]
[themezinho.net/unicord/js/jquery.parallax.min.js]
[themezinho.net/unicord/THREE.SceneUtils has been moved to/examples/js/utils/SceneUtils.js]
[themezinho.net/unicord/THREE.LensFlare has been moved to/examples/js/objects/Lensflare.js]
[themezinho.net/unicord/js/motion.blur.js]
[themezinho.net/unicord/js/scripts.js]
[themezinho.net/unicord/fonts/fontawesome-webfont3e6e.svg]
[themezinho.net/unicord/videos/video2.mp4]
[themezinho.net/unicord/PIXI.mesh.RawMesh class has moved to PIXI.73.delayed]
[themezinho.net/unicord/StateSystem.setState has been renamed to StateSystem.set]
[themezinho.net/unicord/js/kinetic-slider.js]
[themezinho.net/unicord/js/kinetic-slider-inits.js]
[themezinho.net/unicord/news-single.html]
[themezinho.net/unicord/js/contact.form.min.js]
[themezinho.net/unicord/js/jquery.form.min.js]
[themezinho.net/unicord/js/jquery.validate.min.js]
[themezinho.net/unicord/js/googlemaps.min.js]
[themezinho.net/unicord/images/case01.png]
[themezinho.net/unicord/images/case03.png]
[themezinho.net/unicord/images/case05.png]
[themezinho.net/unicord/images/case06.png]
[themezinho.net/unicord/images/case07.png]
[themezinho.net/unicord/images/case08.png]
[themezinho.net/unicord/js/jquery.easing.min.js]
[themezinho.net/unicord/popper.html]
[themezinho.net/unicord/Version/index.html]
[themezinho.net/unicord/version/index-2.html]
[themezinho.net/unicord/GET.html]
[themezinho.net/unicord/Error pJS - No image.html]
[themezinho.net/unicord/THREE.SceneUtils has been moved to/examples/js/utils/SceneUtils.html]
[themezinho.net/unicord/THREE.LensFlare has been moved to/examples/js/objects/Lensflare.html]
[themezinho.net/unicord/PIXI.mesh.RawMesh class has moved to PIXI.html]
[themezinho.net/unicord/StateSystem.setState has been renamed to StateSystem.html]
